
[1m[46m RUN [49m[22m [36mv4.0.17 [39m[90mC:/Users/hercules/Documents/projetos/vibe-code/zenbolso[39m

 [31mÔØ»[39m src/hooks/__tests__/useTransactionForm.test.ts [2m([22m[2m3 tests[22m[2m | [22m[31m1 failed[39m[2m)[22m[32m 25[2mms[22m[39m
     [32mÔ£ô[39m deve inicializar com o estado de formul├írio vazio e v├ílido[32m 13[2mms[22m[39m
[31m     [31m├ù[31m n├úo deve submeter a transa├º├úo se a valida├º├úo falhar (campos vazios)[39m[32m 6[2mms[22m[39m
     [32mÔ£ô[39m deve submeter a transa├º├úo e limpar o formul├írio se os dados forem v├ílidos[32m 5[2mms[22m[39m
node.exe : 
No linha:1 caractere:1
+ & "C:\nvm4w\nodejs/node.exe" "C:\nv
m4w\nodejs/node_modules/npm/bin/np 
...
+ ~~~~~~~~~~~~~~~~~~~~~~~~~~~~~~~~~~~
~~~~~~~~~~~~~~~~~~~~~~~~~~~~~~~~~~
    + CategoryInfo          : NotSpe 
   cified: (:String) [], RemoteExce  
  ption
    + FullyQualifiedErrorId : Native 
   CommandError
 
[31mÔÄ»ÔÄ»ÔÄ»ÔÄ»ÔÄ»ÔÄ»ÔÄ»[39m[1m[
41m Failed Tests 1 [49m[22m[31mÔÄ»
ÔÄ»ÔÄ»ÔÄ»ÔÄ»ÔÄ»ÔÄ»[39m

[41m[1m FAIL [22m[49m src/hooks/_
_tests__/useTransactionForm.test.ts[
2m > [22museTransactionForm 
Hook[2m > [22mn├úo deve submeter a 
transa├º├úo se a valida├º├úo falhar 
(campos vazios)
[31m[1mTypeError[22m: Cannot read 
properties of undefined (reading 
'forEach')[39m
[36m [2mÔØ»[22m validate src/hooks
/useTransactionForm.ts:[2m57:20[22m
[39m
    [90m 55| [39m      
[35mif[39m (err 
[35minstanceof[39m 
z[33m.[39m[33mZodError[39m) {
    [90m 56| [39m        
[35mconst[39m 
fieldErrors[33m:[39m [33mRecord[3
9m[33m<[39mstring[33m,[39m 
string[33m>[39m [33m=[39m 
{}[33m;[39m
    [90m 57| [39m        err[33m.
[39merrors[33m.[39m[34mforEach[39
m(error [33m=>[39m {
    [90m   | [39m                  
 [31m^[39m
    [90m 58| [39m          
[35mif[39m 
(error[33m.[39mpath[[34m0[39m]) {
    [90m 59| [39m            fieldE
rrors[error[33m.[39mpath[[34m0[39
m][33m.[39m[34mtoString[39m()] 
[33m=[39m 
error[33m.[39mmessage[33m;[39m
[90m [2mÔØ»[22m 
Object.submitTransaction src/hooks/us
eTransactionForm.ts:[2m69:10[22m[3
9m
[90m [2mÔØ»[22m src/hooks/__tests_
_/useTransactionForm.test.ts:[2m41:2
8[22m[39m
[90m [2mÔØ»[22m node_modules/@test
ing-library/react/dist/act-compat.js:
[2m47:24[22m[39m
[90m [2mÔØ»[22m 
process.env.NODE_ENV.exports.act node
_modules/react/cjs/react.development.
js:[2m814:22[22m[39m
[90m [2mÔØ»[22m Proxy.<anonymous> 
node_modules/@testing-library/react/d
ist/act-compat.js:[2m46:25[22m[39m
[90m [2mÔØ»[22m src/hooks/__tests_
_/useTransactionForm.test.ts:[2m39:1
1[22m[39m

[31m[2mÔÄ»ÔÄ»ÔÄ»ÔÄ»ÔÄ»ÔÄ»ÔÄ»ÔÄ»ÔÄ»Ô
Ä»ÔÄ»ÔÄ»ÔÄ»ÔÄ»ÔÄ»ÔÄ»ÔÄ»ÔÄ»ÔÄ»ÔÄ»ÔÄ»ÔÄ
»ÔÄ»ÔÄ»[1/1]ÔÄ»[22m[39m


[2m Test Files [22m [1m[31m1 failed[39m[22m[90m (1)[39m
[2m      Tests [22m [1m[31m1 failed[39m[22m[2m | [22m[1m[32m2 passed[39m[22m[90m (3)[39m
[2m   Start at [22m 16:29:50
[2m   Duration [22m 1.63s[2m (transform 63ms, setup 149ms, import 261ms, tests 25ms, environment 1.00s)[22m

